// Jest Snapshot v1, https://goo.gl/fbAQLP

exports[`ItemDetail Component Should display Start Wars Resources when item is null 1`] = `
ShallowWrapper {
  "length": 1,
  Symbol(enzyme.__root__): [Circular],
  Symbol(enzyme.__unrendered__): <ItemDetail
    item={null}
    path="paths"
/>,
  Symbol(enzyme.__renderer__): Object {
    "batchedUpdates": [Function],
    "getNode": [Function],
    "render": [Function],
    "simulateEvent": [Function],
    "unmount": [Function],
  },
  Symbol(enzyme.__node__): Object {
    "instance": null,
    "key": undefined,
    "nodeType": "host",
    "props": Object {
      "children": <h1
        className="title"
>
         
        Star Wars Resources
         
</h1>,
    },
    "ref": null,
    "rendered": Object {
      "instance": null,
      "key": undefined,
      "nodeType": "host",
      "props": Object {
        "children": Array [
          " ",
          "Star Wars Resources",
          " ",
        ],
        "className": "title",
      },
      "ref": null,
      "rendered": Array [
        " ",
        "Star Wars Resources",
        " ",
      ],
      "type": "h1",
    },
    "type": "main",
  },
  Symbol(enzyme.__nodes__): Array [
    Object {
      "instance": null,
      "key": undefined,
      "nodeType": "host",
      "props": Object {
        "children": <h1
          className="title"
>
           
          Star Wars Resources
           
</h1>,
      },
      "ref": null,
      "rendered": Object {
        "instance": null,
        "key": undefined,
        "nodeType": "host",
        "props": Object {
          "children": Array [
            " ",
            "Star Wars Resources",
            " ",
          ],
          "className": "title",
        },
        "ref": null,
        "rendered": Array [
          " ",
          "Star Wars Resources",
          " ",
        ],
        "type": "h1",
      },
      "type": "main",
    },
  ],
  Symbol(enzyme.__options__): Object {
    "adapter": ReactSixteenAdapter {
      "options": Object {
        "enableComponentDidUpdateOnSetState": true,
      },
    },
  },
}
`;
